
Map of Debug\amana.sm8 from link file Debug\amana.lkf - Fri Jun 19 21:25:46 2026


                               --------
                               Segments
                               --------

start 00008080 end 000080a9 length    41 segment .const
start 000080b9 end 00008d78 length  3263 segment .text
start 00004000 end 00004000 length     0 segment .eeprom
start 00000000 end 00000008 length     8 segment .bsct, initialized
start 000080b1 end 000080b9 length     8 segment .bsct, from
start 00000008 end 00000029 length    33 segment .ubsct
start 00000029 end 00000029 length     0 segment .bit
start 00000029 end 00000029 length     0 segment .share
start 00000100 end 00000100 length     0 segment .data
start 00000100 end 00000100 length     0 segment .bss
start 00000000 end 000004c0 length  1216 segment .info.
start 00000000 end 0000399b length 14747 segment .debug
start 00008000 end 00008080 length   128 segment .const
start 000080a9 end 000080b1 length     8 segment .init


                               -------
                               Modules
                               -------

C:\Program Files (x86)\COSMIC\FSE_Compilers\CXSTM8\lib\crtsi0.sm8:
start 000080b9 end 00008109 length    80 section .text
start 00000100 end 00000100 length     0 section .bss
start 00000008 end 00000008 length     0 section .ubsct
start 00000000 end 00000033 length    51 section .info.

Debug\stm8s_clk.o:
start 00008109 end 00008469 length   864 section .text
start 00000000 end 0000166f length  5743 section .debug
start 00000033 end 000000a1 length   110 section .info.
start 00008080 end 0000808c length    12 section .const

Debug\stm8s_gpio.o:
start 00008469 end 0000851b length   178 section .text
start 0000166f end 00002079 length  2570 section .debug
start 000000a1 end 00000110 length   111 section .info.

Debug\stm8s_uart1.o:
start 0000851b end 000088c1 length   934 section .text
start 00002079 end 00003465 length  5100 section .debug
start 00000110 end 00000180 length   112 section .info.
start 0000808c end 00008090 length     4 section .const

Debug\main.o:
start 000088c1 end 00008bc6 length   773 section .text
start 00000000 end 00000008 length     8 section .bsct
start 00000008 end 0000001f length    23 section .ubsct
start 00003465 end 00003830 length   971 section .debug
start 00000180 end 000001e9 length   105 section .info.
start 00008090 end 000080a9 length    25 section .const

(C:\Program Files (x86)\COSMIC\FSE_Compilers\CXSTM8\lib\libm0.sm8)llsh.o:
start 00008bc6 end 00008bd5 length    15 section .text
start 000001e9 end 00000217 length    46 section .info.

(C:\Program Files (x86)\COSMIC\FSE_Compilers\CXSTM8\lib\libm0.sm8)lreg.o:
start 0000001f end 00000023 length     4 section .ubsct
start 00000217 end 00000245 length    46 section .info.

(C:\Program Files (x86)\COSMIC\FSE_Compilers\CXSTM8\lib\libm0.sm8)lsub.o:
start 00008bd5 end 00008bed length    24 section .text
start 00000245 end 00000273 length    46 section .info.

(C:\Program Files (x86)\COSMIC\FSE_Compilers\CXSTM8\lib\libm0.sm8)ltor.o:
start 00008bed end 00008bff length    18 section .text
start 00000273 end 000002a1 length    46 section .info.

(C:\Program Files (x86)\COSMIC\FSE_Compilers\CXSTM8\lib\libm0.sm8)ludiv.o:
start 00008bff end 00008c13 length    20 section .text
start 000002a1 end 000002d0 length    47 section .info.

(C:\Program Files (x86)\COSMIC\FSE_Compilers\CXSTM8\lib\libm0.sm8)ldiv.o:
start 00008c13 end 00008cfe length   235 section .text
start 000002d0 end 000002fe length    46 section .info.

(C:\Program Files (x86)\COSMIC\FSE_Compilers\CXSTM8\lib\libm0.sm8)lgneg.o:
start 00008cfe end 00008d11 length    19 section .text
start 000002fe end 0000032d length    47 section .info.

(C:\Program Files (x86)\COSMIC\FSE_Compilers\CXSTM8\lib\libm0.sm8)lneg.o:
start 00008d11 end 00008d26 length    21 section .text
start 0000032d end 0000035b length    46 section .info.

(C:\Program Files (x86)\COSMIC\FSE_Compilers\CXSTM8\lib\libm0.sm8)rtol.o:
start 00008d26 end 00008d38 length    18 section .text
start 0000035b end 00000389 length    46 section .info.

(C:\Program Files (x86)\COSMIC\FSE_Compilers\CXSTM8\lib\libm0.sm8)smul.o:
start 00008d38 end 00008d77 length    63 section .text
start 00000389 end 000003b7 length    46 section .info.

(C:\Program Files (x86)\COSMIC\FSE_Compilers\CXSTM8\lib\libm0.sm8)xreg.o:
start 00000023 end 00000026 length     3 section .ubsct
start 000003b7 end 000003e5 length    46 section .info.

(C:\Program Files (x86)\COSMIC\FSE_Compilers\CXSTM8\lib\libm0.sm8)yreg.o:
start 00000026 end 00000029 length     3 section .ubsct
start 000003e5 end 00000413 length    46 section .info.

Debug\stm8_interrupt_vector.o:
start 00008d77 end 00008d78 length     1 section .text
start 00003830 end 0000399b length   363 section .debug
start 00000413 end 0000048d length   122 section .info.
start 00008000 end 00008080 length   128 section .const


                             -----------
                             Stack usage
                             -----------

Debug\main.o:
_GPIO_Config                         8   (2)
_Input_Status_Send                  13   (2)
_Relay_Control                       9   (4)
_UART_Config                        50   (2)
_UART_SendChar                       7   (2)
_UART_SendString                    11   (4)
_delay_ms                       >    8   (8)
_main                           >   53   (3)

Debug\stm8_interrupt_vector.o:
f_NonHandledInterrupt           >    6   (6)

Debug\stm8s_clk.o:
_CLK_AdjustHSICalibrationValue  >    3   (3)
_CLK_CCOCmd                     >    2   (2)
_CLK_CCOConfig                  >    3   (3)
_CLK_ClearITPendingBit          >    2   (2)
_CLK_ClockSecuritySystemEnable  >    2   (2)
_CLK_ClockSwitchCmd             >    2   (2)
_CLK_ClockSwitchConfig          >   10   (10)
_CLK_DeInit                     >    2   (2)
_CLK_FastHaltWakeUpCmd          >    2   (2)
_CLK_GetClockFreq                   25   (11)
_CLK_GetFlagStatus              >    7   (7)
_CLK_GetITStatus                >    4   (4)
_CLK_GetSYSCLKSource            >    2   (2)
_CLK_HSECmd                     >    2   (2)
_CLK_HSICmd                     >    2   (2)
_CLK_HSIPrescalerConfig              3   (3)
_CLK_ITConfig                   >    4   (4)
_CLK_LSICmd                     >    2   (2)
_CLK_PeripheralClockConfig      >    4   (4)
_CLK_SWIMConfig                 >    2   (2)
_CLK_SYSCLKConfig               >    3   (3)
_CLK_SYSCLKEmergencyClear       >    2   (2)
_CLK_SlowActiveHaltWakeUpCmd    >    2   (2)

Debug\stm8s_gpio.o:
_GPIO_DeInit                    >    2   (2)
_GPIO_ExternalPullUpConfig      >    6   (6)
_GPIO_Init                           6   (6)
_GPIO_ReadInputData             >    2   (2)
_GPIO_ReadInputPin                   5   (5)
_GPIO_ReadOutputData            >    2   (2)
_GPIO_Write                     >    5   (5)
_GPIO_WriteHigh                      5   (5)
_GPIO_WriteLow                       5   (5)
_GPIO_WriteReverse              >    5   (5)

Debug\stm8s_uart1.o:
_UART1_ClearFlag                >    2   (2)
_UART1_ClearITPendingBit        >    2   (2)
_UART1_Cmd                           2   (2)
_UART1_DeInit                        2   (2)
_UART1_GetFlagStatus                 5   (5)
_UART1_GetITStatus              >    6   (6)
_UART1_HalfDuplexCmd            >    2   (2)
_UART1_ITConfig                 >    7   (7)
_UART1_Init                         48   (23)
_UART1_IrDACmd                  >    2   (2)
_UART1_IrDAConfig               >    2   (2)
_UART1_LINBreakDetectionConfig  >    2   (2)
_UART1_LINCmd                   >    2   (2)
_UART1_ReceiveData8                  2   (2)
_UART1_ReceiveData9             >    4   (4)
_UART1_ReceiverWakeUpCmd        >    2   (2)
_UART1_SendBreak                >    2   (2)
_UART1_SendData8                     2   (2)
_UART1_SendData9                >    4   (4)
_UART1_SetAddress               >    3   (3)
_UART1_SetGuardTime             >    2   (2)
_UART1_SetPrescaler             >    2   (2)
_UART1_SmartCardCmd             >    2   (2)
_UART1_SmartCardNACKCmd         >    2   (2)
_UART1_WakeUpConfig             >    2   (2)

Stack size: 59


                              ---------
                              Call tree
                              ---------
   1 > _CLK_AdjustHSICalibrationValue: (3)

   2 > _CLK_CCOCmd: (2)

   3 > _CLK_CCOConfig: (3)

   4 > _CLK_ClearITPendingBit: (2)

   5 > _CLK_ClockSecuritySystemEnable: (2)

   6 > _CLK_ClockSwitchCmd: (2)

   7 > _CLK_ClockSwitchConfig: (10)

   8 > _CLK_DeInit: (2)

   9 > _CLK_FastHaltWakeUpCmd: (2)

  10 > _CLK_GetFlagStatus: (7)

  11 > _CLK_GetITStatus: (4)

  12 > _CLK_GetSYSCLKSource: (2)

  13 > _CLK_HSECmd: (2)

  14 > _CLK_HSICmd: (2)

  15 > _CLK_ITConfig: (4)

  16 > _CLK_LSICmd: (2)

  17 > _CLK_PeripheralClockConfig: (4)

  18 > _CLK_SWIMConfig: (2)

  19 > _CLK_SYSCLKConfig: (3)

  20 > _CLK_SYSCLKEmergencyClear: (2)

  21 > _CLK_SlowActiveHaltWakeUpCmd: (2)

  22 > _GPIO_DeInit: (2)

  23 > _GPIO_ExternalPullUpConfig: (6)

  24 > _GPIO_ReadInputData: (2)

  25 > _GPIO_ReadOutputData: (2)

  26 > _GPIO_Write: (5)

  27 > _GPIO_WriteReverse: (5)

  28 > _UART1_ClearFlag: (2)

  29 > _UART1_ClearITPendingBit: (2)

  30 > _UART1_GetITStatus: (6)

  31 > _UART1_HalfDuplexCmd: (2)

  32 > _UART1_ITConfig: (7)

  33 > _UART1_IrDACmd: (2)

  34 > _UART1_IrDAConfig: (2)

  35 > _UART1_LINBreakDetectionConfig: (2)

  36 > _UART1_LINCmd: (2)

  37 > _UART1_ReceiveData9: (4)

  38 > _UART1_ReceiverWakeUpCmd: (2)

  39 > _UART1_SendBreak: (2)

  40 > _UART1_SendData9: (4)

  41 > _UART1_SetAddress: (3)

  42 > _UART1_SetGuardTime: (2)

  43 > _UART1_SetPrescaler: (2)

  44 > _UART1_SmartCardCmd: (2)

  45 > _UART1_SmartCardNACKCmd: (2)

  46 > _UART1_WakeUpConfig: (2)

  47 > __stext: (0)

  48 > _delay_ms: (8)

  49 > _main: (3)
  50      + _GPIO_Config: (2)
  51      |    + _GPIO_Init: (6)
  52      |    + _GPIO_WriteLow: (5)
          | 
  53      + _Input_Status_Send: (2)
  54      |    + _GPIO_ReadInputPin: (5)
  55      |    + _UART_SendString: (4)
  56      |    |    + _UART_SendChar: (2)
  57      |    |    |    + _UART1_GetFlagStatus: (5)
  58      |    |    |    + _UART1_SendData8: (2)
          |    |    | 
          |    | 
          | 
  59      + _Relay_Control: (4)
  60      |    + _GPIO_WriteHigh: (5)
  61      |    + _GPIO_WriteLow --> 52
          | 
  62      + _UART1_GetFlagStatus --> 57
  63      + _UART1_ReceiveData8: (2)
  64      + _UART_Config: (2)
  65      |    + _CLK_HSIPrescalerConfig: (3)
  66      |    + _UART1_Cmd: (2)
  67      |    + _UART1_DeInit: (2)
  68      |    + _UART1_Init: (23)
  69      |    |    + _CLK_GetClockFreq: (11)
          |    | 
          | 
  70      + _UART_SendChar --> 56
  71      + _UART_SendString --> 55
       
  72 > f_NonHandledInterrupt: (6)

  73   _CLK_GetClockFreq --> 69

  74   _CLK_HSIPrescalerConfig --> 65

  75   _GPIO_Config --> 50

  76   _GPIO_Init --> 51

  77   _GPIO_ReadInputPin --> 54

  78   _GPIO_WriteHigh --> 60

  79   _GPIO_WriteLow --> 52

  80   _Input_Status_Send --> 53

  81   _Relay_Control --> 59

  82   _UART1_Cmd --> 66

  83   _UART1_DeInit --> 67

  84   _UART1_GetFlagStatus --> 57

  85   _UART1_Init --> 68

  86   _UART1_ReceiveData8 --> 63

  87   _UART1_SendData8 --> 58

  88   _UART_Config --> 64

  89   _UART_SendChar --> 56

  90   _UART_SendString --> 55



                               -------
                               Symbols
                               -------

_CLKPrescTable                   00008084   defined in Debug\stm8s_clk.o section .const
_CLK_AdjustHSICalibrationValue   000083bf   defined in Debug\stm8s_clk.o section .text
_CLK_CCOCmd                      00008179   defined in Debug\stm8s_clk.o section .text
_CLK_CCOConfig                   000082b8   defined in Debug\stm8s_clk.o section .text
_CLK_ClearITPendingBit           0000845a   defined in Debug\stm8s_clk.o section .text
_CLK_ClockSecuritySystemEnable   00008342   defined in Debug\stm8s_clk.o section .text
_CLK_ClockSwitchCmd              00008187   defined in Debug\stm8s_clk.o section .text
_CLK_ClockSwitchConfig           0000820f   defined in Debug\stm8s_clk.o section .text
_CLK_DeInit                      00008109   defined in Debug\stm8s_clk.o section .text
_CLK_FastHaltWakeUpCmd           00008141   defined in Debug\stm8s_clk.o section .text
_CLK_GetClockFreq                0000834b   defined in Debug\stm8s_clk.o section .text
                                            used in Debug\stm8s_uart1.o
_CLK_GetFlagStatus               000083d1   defined in Debug\stm8s_clk.o section .text
_CLK_GetITStatus                 0000842e   defined in Debug\stm8s_clk.o section .text
_CLK_GetSYSCLKSource             00008347   defined in Debug\stm8s_clk.o section .text
_CLK_HSECmd                      0000814f   defined in Debug\stm8s_clk.o section .text
_CLK_HSICmd                      0000815d   defined in Debug\stm8s_clk.o section .text
_CLK_HSIPrescalerConfig          000082a5   defined in Debug\stm8s_clk.o section .text
                                            used in Debug\main.o
_CLK_ITConfig                    000082cf   defined in Debug\stm8s_clk.o section .text
_CLK_LSICmd                      0000816b   defined in Debug\stm8s_clk.o section .text
_CLK_PeripheralClockConfig       000081a3   defined in Debug\stm8s_clk.o section .text
_CLK_SWIMConfig                  00008334   defined in Debug\stm8s_clk.o section .text
_CLK_SYSCLKConfig                00008307   defined in Debug\stm8s_clk.o section .text
_CLK_SYSCLKEmergencyClear        000083cc   defined in Debug\stm8s_clk.o section .text
_CLK_SlowActiveHaltWakeUpCmd     00008195   defined in Debug\stm8s_clk.o section .text
_GPIO_Config                     00008a76   defined in Debug\main.o section .text
_GPIO_DeInit                     00008469   defined in Debug\stm8s_gpio.o section .text
_GPIO_ExternalPullUpConfig       00008503   defined in Debug\stm8s_gpio.o section .text
_GPIO_Init                       00008471   defined in Debug\stm8s_gpio.o section .text
                                            used in Debug\main.o
_GPIO_ReadInputData              000084f9   defined in Debug\stm8s_gpio.o section .text
_GPIO_ReadInputPin               000084fc   defined in Debug\stm8s_gpio.o section .text
                                            used in Debug\main.o
_GPIO_ReadOutputData             000084f7   defined in Debug\stm8s_gpio.o section .text
_GPIO_Write                      000084d9   defined in Debug\stm8s_gpio.o section .text
_GPIO_WriteHigh                  000084e1   defined in Debug\stm8s_gpio.o section .text
                                            used in Debug\main.o
_GPIO_WriteLow                   000084e8   defined in Debug\stm8s_gpio.o section .text
                                            used in Debug\main.o
_GPIO_WriteReverse               000084f0   defined in Debug\stm8s_gpio.o section .text
_HSIDivFactor                    00008080   defined in Debug\stm8s_clk.o section .const
_Input_Status_Send               000089ed   defined in Debug\main.o section .text
_Relay_Control                   00008933   defined in Debug\main.o section .text
_UART1_ClearFlag                 00008814   defined in Debug\stm8s_uart1.o section .text
_UART1_ClearITPendingBit         000088b1   defined in Debug\stm8s_uart1.o section .text
_UART1_Cmd                       00008676   defined in Debug\stm8s_uart1.o section .text
                                            used in Debug\main.o
_UART1_DeInit                    0000851b   defined in Debug\stm8s_uart1.o section .text
                                            used in Debug\main.o
_UART1_GetFlagStatus             000087d1   defined in Debug\stm8s_uart1.o section .text
                                            used in Debug\main.o
_UART1_GetITStatus               00008824   defined in Debug\stm8s_uart1.o section .text
_UART1_HalfDuplexCmd             000086f5   defined in Debug\stm8s_uart1.o section .text
_UART1_ITConfig                  00008684   defined in Debug\stm8s_uart1.o section .text
_UART1_Init                      00008546   defined in Debug\stm8s_uart1.o section .text
                                            used in Debug\main.o
_UART1_IrDACmd                   00008711   defined in Debug\stm8s_uart1.o section .text
_UART1_IrDAConfig                00008703   defined in Debug\stm8s_uart1.o section .text
_UART1_LINBreakDetectionConfig   0000871f   defined in Debug\stm8s_uart1.o section .text
_UART1_LINCmd                    0000872d   defined in Debug\stm8s_uart1.o section .text
_UART1_ReceiveData8              00008770   defined in Debug\stm8s_uart1.o section .text
                                            used in Debug\main.o
_UART1_ReceiveData9              00008774   defined in Debug\stm8s_uart1.o section .text
_UART1_ReceiverWakeUpCmd         00008762   defined in Debug\stm8s_uart1.o section .text
_UART1_SendBreak                 000087b1   defined in Debug\stm8s_uart1.o section .text
_UART1_SendData8                 00008796   defined in Debug\stm8s_uart1.o section .text
                                            used in Debug\main.o
_UART1_SendData9                 0000879a   defined in Debug\stm8s_uart1.o section .text
_UART1_SetAddress                000087b6   defined in Debug\stm8s_uart1.o section .text
_UART1_SetGuardTime              000087c9   defined in Debug\stm8s_uart1.o section .text
_UART1_SetPrescaler              000087cd   defined in Debug\stm8s_uart1.o section .text
_UART1_SmartCardCmd              0000873b   defined in Debug\stm8s_uart1.o section .text
_UART1_SmartCardNACKCmd          00008749   defined in Debug\stm8s_uart1.o section .text
_UART1_WakeUpConfig              00008757   defined in Debug\stm8s_uart1.o section .text
_UART_Config                     000088eb   defined in Debug\main.o section .text
_UART_SendChar                   0000890f   defined in Debug\main.o section .text
_UART_SendString                 0000891c   defined in Debug\main.o section .text
__endmem                         000001ff   defined in command file
                                            *** not used ***
__endzp                          00000029   defined in command file section .ubsct
                                            used in C:\Program Files (x86)\COSMIC\FSE_Compilers\CXSTM8\lib\crtsi0.sm8
__idesc__                        000080a9   defined in linker section .init
                                            used in C:\Program Files (x86)\COSMIC\FSE_Compilers\CXSTM8\lib\crtsi0.sm8
__memory                         00000100   defined in command file section .bss
                                            used in C:\Program Files (x86)\COSMIC\FSE_Compilers\CXSTM8\lib\crtsi0.sm8
__stack                          000003ff   defined in command file
                                            used in C:\Program Files (x86)\COSMIC\FSE_Compilers\CXSTM8\lib\crtsi0.sm8
__startmem                       00000100   defined in command file section .bss
                                            *** not used ***
__stext                          000080b9   defined in C:\Program Files (x86)\COSMIC\FSE_Compilers\CXSTM8\lib\crtsi0.sm8 section .text
                                            used in Debug\stm8_interrupt_vector.o
__vectab                         00008000   defined in Debug\stm8_interrupt_vector.o section .const
_delay_ms                        000088c1   defined in Debug\main.o section .text
_exit                            00008107   defined in C:\Program Files (x86)\COSMIC\FSE_Compilers\CXSTM8\lib\crtsi0.sm8 section .text
_index                           00000000   defined in Debug\main.o section .bsct, initialized
_input_str                       00000008   defined in Debug\main.o section .ubsct
_main                            00008b2f   defined in Debug\main.o section .text
                                            used in C:\Program Files (x86)\COSMIC\FSE_Compilers\CXSTM8\lib\crtsi0.sm8
_prev_input_str                  00000001   defined in Debug\main.o section .bsct, initialized
_rx_buf                          0000000f   defined in Debug\main.o section .ubsct
c_divsl                          00008c13   defined in (C:\Program Files (x86)\COSMIC\FSE_Compilers\CXSTM8\lib\libm0.sm8)ldiv.o section .text
                                            *** not used ***
c_divul                          00008c2a   defined in (C:\Program Files (x86)\COSMIC\FSE_Compilers\CXSTM8\lib\libm0.sm8)ldiv.o section .text
                                            used in (C:\Program Files (x86)\COSMIC\FSE_Compilers\CXSTM8\lib\libm0.sm8)ludiv.o
c_lgneg                          00008cfe   defined in (C:\Program Files (x86)\COSMIC\FSE_Compilers\CXSTM8\lib\libm0.sm8)lgneg.o section .text
                                            used in (C:\Program Files (x86)\COSMIC\FSE_Compilers\CXSTM8\lib\libm0.sm8)ldiv.o
c_llsh                           00008bc6   defined in (C:\Program Files (x86)\COSMIC\FSE_Compilers\CXSTM8\lib\libm0.sm8)llsh.o section .text
                                            used in Debug\stm8s_uart1.o
c_lneg                           00008d11   defined in (C:\Program Files (x86)\COSMIC\FSE_Compilers\CXSTM8\lib\libm0.sm8)lneg.o section .text
                                            used in (C:\Program Files (x86)\COSMIC\FSE_Compilers\CXSTM8\lib\libm0.sm8)ldiv.o
c_lreg                           0000001f   defined in (C:\Program Files (x86)\COSMIC\FSE_Compilers\CXSTM8\lib\libm0.sm8)lreg.o section .ubsct
                                            used in Debug\stm8s_clk.o
                                                    Debug\stm8s_uart1.o
                                                    (C:\Program Files (x86)\COSMIC\FSE_Compilers\CXSTM8\lib\libm0.sm8)llsh.o
                                                    (C:\Program Files (x86)\COSMIC\FSE_Compilers\CXSTM8\lib\libm0.sm8)lsub.o
                                                    (C:\Program Files (x86)\COSMIC\FSE_Compilers\CXSTM8\lib\libm0.sm8)ltor.o
                                                    (C:\Program Files (x86)\COSMIC\FSE_Compilers\CXSTM8\lib\libm0.sm8)ldiv.o
                                                    (C:\Program Files (x86)\COSMIC\FSE_Compilers\CXSTM8\lib\libm0.sm8)lneg.o
                                                    (C:\Program Files (x86)\COSMIC\FSE_Compilers\CXSTM8\lib\libm0.sm8)rtol.o
                                                    (C:\Program Files (x86)\COSMIC\FSE_Compilers\CXSTM8\lib\libm0.sm8)smul.o
c_lsub                           00008bd5   defined in (C:\Program Files (x86)\COSMIC\FSE_Compilers\CXSTM8\lib\libm0.sm8)lsub.o section .text
                                            used in Debug\stm8s_uart1.o
c_ltor                           00008bed   defined in (C:\Program Files (x86)\COSMIC\FSE_Compilers\CXSTM8\lib\libm0.sm8)ltor.o section .text
                                            used in Debug\stm8s_clk.o
                                                    Debug\stm8s_uart1.o
c_ludv                           00008bff   defined in (C:\Program Files (x86)\COSMIC\FSE_Compilers\CXSTM8\lib\libm0.sm8)ludiv.o section .text
                                            used in Debug\stm8s_clk.o
                                                    Debug\stm8s_uart1.o
c_rtol                           00008d26   defined in (C:\Program Files (x86)\COSMIC\FSE_Compilers\CXSTM8\lib\libm0.sm8)rtol.o section .text
                                            used in Debug\stm8s_clk.o
                                                    Debug\stm8s_uart1.o
c_smul                           00008d38   defined in (C:\Program Files (x86)\COSMIC\FSE_Compilers\CXSTM8\lib\libm0.sm8)smul.o section .text
                                            used in Debug\stm8s_uart1.o
c_x                              00000023   defined in (C:\Program Files (x86)\COSMIC\FSE_Compilers\CXSTM8\lib\libm0.sm8)xreg.o section .ubsct
                                            used in C:\Program Files (x86)\COSMIC\FSE_Compilers\CXSTM8\lib\crtsi0.sm8
                                                    (C:\Program Files (x86)\COSMIC\FSE_Compilers\CXSTM8\lib\libm0.sm8)ldiv.o
c_y                              00000026   defined in (C:\Program Files (x86)\COSMIC\FSE_Compilers\CXSTM8\lib\libm0.sm8)yreg.o section .ubsct
                                            used in C:\Program Files (x86)\COSMIC\FSE_Compilers\CXSTM8\lib\crtsi0.sm8
f_NonHandledInterrupt            00008d77   defined in Debug\stm8_interrupt_vector.o section .text
