
Map of Debug\lakra.sm8 from link file Debug\lakra.lkf - Thu Jun 18 23:29:05 2026


                               --------
                               Segments
                               --------

start 00008080 end 000080a4 length    36 segment .const
start 000080b0 end 00008d69 length  3257 segment .text
start 00004000 end 00004000 length     0 segment .eeprom
start 00000000 end 00000004 length     4 segment .bsct, initialized
start 000080ac end 000080b0 length     4 segment .bsct, from
start 00000004 end 0000000e length    10 segment .ubsct
start 0000000e end 0000000e length     0 segment .bit
start 0000000e end 0000000e length     0 segment .share
start 00000100 end 00000100 length     0 segment .data
start 00000100 end 00000100 length     0 segment .bss
start 00000000 end 000004c0 length  1216 segment .info.
start 00000000 end 00003e65 length 15973 segment .debug
start 00008000 end 00008080 length   128 segment .const
start 000080a4 end 000080ac length     8 segment .init


                               -------
                               Modules
                               -------

C:\Program Files (x86)\COSMIC\FSE_Compilers\CXSTM8\lib\crtsi0.sm8:
start 000080b0 end 00008100 length    80 section .text
start 00000100 end 00000100 length     0 section .bss
start 00000004 end 00000004 length     0 section .ubsct
start 00000000 end 00000033 length    51 section .info.

Debug\stm8s_uart1.o:
start 00008100 end 000084a6 length   934 section .text
start 00000000 end 000013ec length  5100 section .debug
start 00000033 end 000000a3 length   112 section .info.
start 00008080 end 00008084 length     4 section .const

Debug\stm8s_gpio.o:
start 000084a6 end 00008558 length   178 section .text
start 000013ec end 00001df6 length  2570 section .debug
start 000000a3 end 00000112 length   111 section .info.

Debug\stm8s_clk.o:
start 00008558 end 000088b8 length   864 section .text
start 00001df6 end 00003465 length  5743 section .debug
start 00000112 end 00000180 length   110 section .info.
start 00008084 end 00008090 length    12 section .const

Debug\main.o:
start 000088b8 end 00008bb7 length   767 section .text
start 00000000 end 00000004 length     4 section .bsct
start 00003465 end 00003cfa length  2197 section .debug
start 00000180 end 000001e9 length   105 section .info.
start 00008090 end 000080a4 length    20 section .const

(C:\Program Files (x86)\COSMIC\FSE_Compilers\CXSTM8\lib\libm0.sm8)llsh.o:
start 00008bb7 end 00008bc6 length    15 section .text
start 000001e9 end 00000217 length    46 section .info.

(C:\Program Files (x86)\COSMIC\FSE_Compilers\CXSTM8\lib\libm0.sm8)lreg.o:
start 00000004 end 00000008 length     4 section .ubsct
start 00000217 end 00000245 length    46 section .info.

(C:\Program Files (x86)\COSMIC\FSE_Compilers\CXSTM8\lib\libm0.sm8)lsub.o:
start 00008bc6 end 00008bde length    24 section .text
start 00000245 end 00000273 length    46 section .info.

(C:\Program Files (x86)\COSMIC\FSE_Compilers\CXSTM8\lib\libm0.sm8)ltor.o:
start 00008bde end 00008bf0 length    18 section .text
start 00000273 end 000002a1 length    46 section .info.

(C:\Program Files (x86)\COSMIC\FSE_Compilers\CXSTM8\lib\libm0.sm8)ludiv.o:
start 00008bf0 end 00008c04 length    20 section .text
start 000002a1 end 000002d0 length    47 section .info.

(C:\Program Files (x86)\COSMIC\FSE_Compilers\CXSTM8\lib\libm0.sm8)ldiv.o:
start 00008c04 end 00008cef length   235 section .text
start 000002d0 end 000002fe length    46 section .info.

(C:\Program Files (x86)\COSMIC\FSE_Compilers\CXSTM8\lib\libm0.sm8)lgneg.o:
start 00008cef end 00008d02 length    19 section .text
start 000002fe end 0000032d length    47 section .info.

(C:\Program Files (x86)\COSMIC\FSE_Compilers\CXSTM8\lib\libm0.sm8)lneg.o:
start 00008d02 end 00008d17 length    21 section .text
start 0000032d end 0000035b length    46 section .info.

(C:\Program Files (x86)\COSMIC\FSE_Compilers\CXSTM8\lib\libm0.sm8)rtol.o:
start 00008d17 end 00008d29 length    18 section .text
start 0000035b end 00000389 length    46 section .info.

(C:\Program Files (x86)\COSMIC\FSE_Compilers\CXSTM8\lib\libm0.sm8)smul.o:
start 00008d29 end 00008d68 length    63 section .text
start 00000389 end 000003b7 length    46 section .info.

(C:\Program Files (x86)\COSMIC\FSE_Compilers\CXSTM8\lib\libm0.sm8)xreg.o:
start 00000008 end 0000000b length     3 section .ubsct
start 000003b7 end 000003e5 length    46 section .info.

(C:\Program Files (x86)\COSMIC\FSE_Compilers\CXSTM8\lib\libm0.sm8)yreg.o:
start 0000000b end 0000000e length     3 section .ubsct
start 000003e5 end 00000413 length    46 section .info.

Debug\stm8_interrupt_vector.o:
start 00008d68 end 00008d69 length     1 section .text
start 00003cfa end 00003e65 length   363 section .debug
start 00000413 end 0000048d length   122 section .info.
start 00008000 end 00008080 length   128 section .const


                             -----------
                             Stack usage
                             -----------

Debug\main.o:
_UART_Config                        50   (2)
_UART_ReadChar                       7   (2)
_UART_SendChar                       7   (2)
_UART_SendString                    11   (4)
_delay_ms                            8   (8)
_hal_di_read                        10   (5)
_hal_gpio_init                      14   (2)
_hal_relay_set                      12   (7)
_main                           >   54   (2)
_main_loop                          32   (14)
_process_command                    18   (6)
_relay_off                          14   (2)
_sensor_reader_init                 14   (2)
_sensor_reader_update               12   (2)
_system_init                        52   (2)

Debug\stm8_interrupt_vector.o:
f_NonHandledInterrupt           >    6   (6)

Debug\stm8s_clk.o:
_CLK_AdjustHSICalibrationValue  >    3   (3)
_CLK_CCOCmd                     >    2   (2)
_CLK_CCOConfig                  >    3   (3)
_CLK_ClearITPendingBit          >    2   (2)
_CLK_ClockSecuritySystemEnable  >    2   (2)
_CLK_ClockSwitchCmd             >    2   (2)
_CLK_ClockSwitchConfig          >   10   (10)
_CLK_DeInit                     >    2   (2)
_CLK_FastHaltWakeUpCmd          >    2   (2)
_CLK_GetClockFreq                   25   (11)
_CLK_GetFlagStatus              >    7   (7)
_CLK_GetITStatus                >    4   (4)
_CLK_GetSYSCLKSource            >    2   (2)
_CLK_HSECmd                     >    2   (2)
_CLK_HSICmd                     >    2   (2)
_CLK_HSIPrescalerConfig              3   (3)
_CLK_ITConfig                   >    4   (4)
_CLK_LSICmd                     >    2   (2)
_CLK_PeripheralClockConfig      >    4   (4)
_CLK_SWIMConfig                 >    2   (2)
_CLK_SYSCLKConfig               >    3   (3)
_CLK_SYSCLKEmergencyClear       >    2   (2)
_CLK_SlowActiveHaltWakeUpCmd    >    2   (2)

Debug\stm8s_gpio.o:
_GPIO_DeInit                    >    2   (2)
_GPIO_ExternalPullUpConfig      >    6   (6)
_GPIO_Init                           6   (6)
_GPIO_ReadInputData             >    2   (2)
_GPIO_ReadInputPin                   5   (5)
_GPIO_ReadOutputData            >    2   (2)
_GPIO_Write                     >    5   (5)
_GPIO_WriteHigh                      5   (5)
_GPIO_WriteLow                       5   (5)
_GPIO_WriteReverse              >    5   (5)

Debug\stm8s_uart1.o:
_UART1_ClearFlag                >    2   (2)
_UART1_ClearITPendingBit        >    2   (2)
_UART1_Cmd                           2   (2)
_UART1_DeInit                        2   (2)
_UART1_GetFlagStatus                 5   (5)
_UART1_GetITStatus              >    6   (6)
_UART1_HalfDuplexCmd            >    2   (2)
_UART1_ITConfig                 >    7   (7)
_UART1_Init                         48   (23)
_UART1_IrDACmd                  >    2   (2)
_UART1_IrDAConfig               >    2   (2)
_UART1_LINBreakDetectionConfig  >    2   (2)
_UART1_LINCmd                   >    2   (2)
_UART1_ReceiveData8                  2   (2)
_UART1_ReceiveData9             >    4   (4)
_UART1_ReceiverWakeUpCmd        >    2   (2)
_UART1_SendBreak                >    2   (2)
_UART1_SendData8                     2   (2)
_UART1_SendData9                >    4   (4)
_UART1_SetAddress               >    3   (3)
_UART1_SetGuardTime             >    2   (2)
_UART1_SetPrescaler             >    2   (2)
_UART1_SmartCardCmd             >    2   (2)
_UART1_SmartCardNACKCmd         >    2   (2)
_UART1_WakeUpConfig             >    2   (2)

Stack size: 60


                              ---------
                              Call tree
                              ---------
   1 > _CLK_AdjustHSICalibrationValue: (3)

   2 > _CLK_CCOCmd: (2)

   3 > _CLK_CCOConfig: (3)

   4 > _CLK_ClearITPendingBit: (2)

   5 > _CLK_ClockSecuritySystemEnable: (2)

   6 > _CLK_ClockSwitchCmd: (2)

   7 > _CLK_ClockSwitchConfig: (10)

   8 > _CLK_DeInit: (2)

   9 > _CLK_FastHaltWakeUpCmd: (2)

  10 > _CLK_GetFlagStatus: (7)

  11 > _CLK_GetITStatus: (4)

  12 > _CLK_GetSYSCLKSource: (2)

  13 > _CLK_HSECmd: (2)

  14 > _CLK_HSICmd: (2)

  15 > _CLK_ITConfig: (4)

  16 > _CLK_LSICmd: (2)

  17 > _CLK_PeripheralClockConfig: (4)

  18 > _CLK_SWIMConfig: (2)

  19 > _CLK_SYSCLKConfig: (3)

  20 > _CLK_SYSCLKEmergencyClear: (2)

  21 > _CLK_SlowActiveHaltWakeUpCmd: (2)

  22 > _GPIO_DeInit: (2)

  23 > _GPIO_ExternalPullUpConfig: (6)

  24 > _GPIO_ReadInputData: (2)

  25 > _GPIO_ReadOutputData: (2)

  26 > _GPIO_Write: (5)

  27 > _GPIO_WriteReverse: (5)

  28 > _UART1_ClearFlag: (2)

  29 > _UART1_ClearITPendingBit: (2)

  30 > _UART1_GetITStatus: (6)

  31 > _UART1_HalfDuplexCmd: (2)

  32 > _UART1_ITConfig: (7)

  33 > _UART1_IrDACmd: (2)

  34 > _UART1_IrDAConfig: (2)

  35 > _UART1_LINBreakDetectionConfig: (2)

  36 > _UART1_LINCmd: (2)

  37 > _UART1_ReceiveData9: (4)

  38 > _UART1_ReceiverWakeUpCmd: (2)

  39 > _UART1_SendBreak: (2)

  40 > _UART1_SendData9: (4)

  41 > _UART1_SetAddress: (3)

  42 > _UART1_SetGuardTime: (2)

  43 > _UART1_SetPrescaler: (2)

  44 > _UART1_SmartCardCmd: (2)

  45 > _UART1_SmartCardNACKCmd: (2)

  46 > _UART1_WakeUpConfig: (2)

  47 > __stext: (0)

  48 > _main: (2)
  49      + _main_loop: (14)
  50      |    + _UART_ReadChar: (2)
  51      |    |    + _UART1_GetFlagStatus: (5)
  52      |    |    + _UART1_ReceiveData8: (2)
          |    | 
  53      |    + _process_command: (6)
  54      |    |    + _UART_SendChar: (2)
  55      |    |    |    + _UART1_GetFlagStatus --> 51
  56      |    |    |    + _UART1_SendData8: (2)
          |    |    | 
  57      |    |    + _UART_SendString: (4)
  58      |    |    |    + _UART_SendChar --> 54
          |    |    | 
  59      |    |    + _hal_relay_set: (7)
  60      |    |    |    + _GPIO_WriteHigh: (5)
  61      |    |    |    + _GPIO_WriteLow: (5)
          |    |    | 
          |    | 
          | 
  62      + _system_init: (2)
  63      |    + _CLK_HSIPrescalerConfig: (3)
  64      |    + _UART_Config: (2)
  65      |    |    + _CLK_HSIPrescalerConfig --> 63
  66      |    |    + _UART1_Cmd: (2)
  67      |    |    + _UART1_DeInit: (2)
  68      |    |    + _UART1_Init: (23)
  69      |    |    |    + _CLK_GetClockFreq: (11)
          |    |    | 
          |    | 
  70      |    + _hal_gpio_init: (2)
  71      |    |    + _GPIO_Init: (6)
  72      |    |    + _delay_ms: (8)
  73      |    |    + _hal_relay_set --> 59
          |    | 
  74      |    + _relay_off: (2)
  75      |    |    + _hal_relay_set --> 59
          |    | 
  76      |    + _sensor_reader_init: (2)
  77      |    |    + _sensor_reader_update: (2)
  78      |    |    |    + _hal_di_read: (5)
  79      |    |    |    |    + _GPIO_ReadInputPin: (5)
          |    |    |    | 
          |    |    | 
          |    | 
          | 
       
  80 > f_NonHandledInterrupt: (6)

  81   _CLK_GetClockFreq --> 69

  82   _CLK_HSIPrescalerConfig --> 63

  83   _GPIO_Init --> 71

  84   _GPIO_ReadInputPin --> 79

  85   _GPIO_WriteHigh --> 60

  86   _GPIO_WriteLow --> 61

  87   _UART1_Cmd --> 66

  88   _UART1_DeInit --> 67

  89   _UART1_GetFlagStatus --> 51

  90   _UART1_Init --> 68

  91   _UART1_ReceiveData8 --> 52

  92   _UART1_SendData8 --> 56

  93   _UART_Config --> 64

  94   _UART_ReadChar --> 50

  95   _UART_SendChar --> 54

  96   _UART_SendString --> 57

  97   _delay_ms --> 72

  98   _hal_di_read --> 78

  99   _hal_gpio_init --> 70

 100   _hal_relay_set --> 59

 101   _main_loop --> 49

 102   _process_command --> 53

 103   _relay_off --> 74

 104   _sensor_reader_init --> 76

 105   _sensor_reader_update --> 77

 106   _system_init --> 62



                               -------
                               Symbols
                               -------

_CLKPrescTable                   00008088   defined in Debug\stm8s_clk.o section .const
_CLK_AdjustHSICalibrationValue   0000880e   defined in Debug\stm8s_clk.o section .text
_CLK_CCOCmd                      000085c8   defined in Debug\stm8s_clk.o section .text
_CLK_CCOConfig                   00008707   defined in Debug\stm8s_clk.o section .text
_CLK_ClearITPendingBit           000088a9   defined in Debug\stm8s_clk.o section .text
_CLK_ClockSecuritySystemEnable   00008791   defined in Debug\stm8s_clk.o section .text
_CLK_ClockSwitchCmd              000085d6   defined in Debug\stm8s_clk.o section .text
_CLK_ClockSwitchConfig           0000865e   defined in Debug\stm8s_clk.o section .text
_CLK_DeInit                      00008558   defined in Debug\stm8s_clk.o section .text
_CLK_FastHaltWakeUpCmd           00008590   defined in Debug\stm8s_clk.o section .text
_CLK_GetClockFreq                0000879a   defined in Debug\stm8s_clk.o section .text
                                            used in Debug\stm8s_uart1.o
_CLK_GetFlagStatus               00008820   defined in Debug\stm8s_clk.o section .text
_CLK_GetITStatus                 0000887d   defined in Debug\stm8s_clk.o section .text
_CLK_GetSYSCLKSource             00008796   defined in Debug\stm8s_clk.o section .text
_CLK_HSECmd                      0000859e   defined in Debug\stm8s_clk.o section .text
_CLK_HSICmd                      000085ac   defined in Debug\stm8s_clk.o section .text
_CLK_HSIPrescalerConfig          000086f4   defined in Debug\stm8s_clk.o section .text
                                            used in Debug\main.o
_CLK_ITConfig                    0000871e   defined in Debug\stm8s_clk.o section .text
_CLK_LSICmd                      000085ba   defined in Debug\stm8s_clk.o section .text
_CLK_PeripheralClockConfig       000085f2   defined in Debug\stm8s_clk.o section .text
_CLK_SWIMConfig                  00008783   defined in Debug\stm8s_clk.o section .text
_CLK_SYSCLKConfig                00008756   defined in Debug\stm8s_clk.o section .text
_CLK_SYSCLKEmergencyClear        0000881b   defined in Debug\stm8s_clk.o section .text
_CLK_SlowActiveHaltWakeUpCmd     000085e4   defined in Debug\stm8s_clk.o section .text
_GPIO_DeInit                     000084a6   defined in Debug\stm8s_gpio.o section .text
_GPIO_ExternalPullUpConfig       00008540   defined in Debug\stm8s_gpio.o section .text
_GPIO_Init                       000084ae   defined in Debug\stm8s_gpio.o section .text
                                            used in Debug\main.o
_GPIO_ReadInputData              00008536   defined in Debug\stm8s_gpio.o section .text
_GPIO_ReadInputPin               00008539   defined in Debug\stm8s_gpio.o section .text
                                            used in Debug\main.o
_GPIO_ReadOutputData             00008534   defined in Debug\stm8s_gpio.o section .text
_GPIO_Write                      00008516   defined in Debug\stm8s_gpio.o section .text
_GPIO_WriteHigh                  0000851e   defined in Debug\stm8s_gpio.o section .text
                                            used in Debug\main.o
_GPIO_WriteLow                   00008525   defined in Debug\stm8s_gpio.o section .text
                                            used in Debug\main.o
_GPIO_WriteReverse               0000852d   defined in Debug\stm8s_gpio.o section .text
_HSIDivFactor                    00008084   defined in Debug\stm8s_clk.o section .const
_UART1_ClearFlag                 000083f9   defined in Debug\stm8s_uart1.o section .text
_UART1_ClearITPendingBit         00008496   defined in Debug\stm8s_uart1.o section .text
_UART1_Cmd                       0000825b   defined in Debug\stm8s_uart1.o section .text
                                            used in Debug\main.o
_UART1_DeInit                    00008100   defined in Debug\stm8s_uart1.o section .text
                                            used in Debug\main.o
_UART1_GetFlagStatus             000083b6   defined in Debug\stm8s_uart1.o section .text
                                            used in Debug\main.o
_UART1_GetITStatus               00008409   defined in Debug\stm8s_uart1.o section .text
_UART1_HalfDuplexCmd             000082da   defined in Debug\stm8s_uart1.o section .text
_UART1_ITConfig                  00008269   defined in Debug\stm8s_uart1.o section .text
_UART1_Init                      0000812b   defined in Debug\stm8s_uart1.o section .text
                                            used in Debug\main.o
_UART1_IrDACmd                   000082f6   defined in Debug\stm8s_uart1.o section .text
_UART1_IrDAConfig                000082e8   defined in Debug\stm8s_uart1.o section .text
_UART1_LINBreakDetectionConfig   00008304   defined in Debug\stm8s_uart1.o section .text
_UART1_LINCmd                    00008312   defined in Debug\stm8s_uart1.o section .text
_UART1_ReceiveData8              00008355   defined in Debug\stm8s_uart1.o section .text
                                            used in Debug\main.o
_UART1_ReceiveData9              00008359   defined in Debug\stm8s_uart1.o section .text
_UART1_ReceiverWakeUpCmd         00008347   defined in Debug\stm8s_uart1.o section .text
_UART1_SendBreak                 00008396   defined in Debug\stm8s_uart1.o section .text
_UART1_SendData8                 0000837b   defined in Debug\stm8s_uart1.o section .text
                                            used in Debug\main.o
_UART1_SendData9                 0000837f   defined in Debug\stm8s_uart1.o section .text
_UART1_SetAddress                0000839b   defined in Debug\stm8s_uart1.o section .text
_UART1_SetGuardTime              000083ae   defined in Debug\stm8s_uart1.o section .text
_UART1_SetPrescaler              000083b2   defined in Debug\stm8s_uart1.o section .text
_UART1_SmartCardCmd              00008320   defined in Debug\stm8s_uart1.o section .text
_UART1_SmartCardNACKCmd          0000832e   defined in Debug\stm8s_uart1.o section .text
_UART1_WakeUpConfig              0000833c   defined in Debug\stm8s_uart1.o section .text
_UART_Config                     000089eb   defined in Debug\main.o section .text
_UART_ReadChar                   00008ad7   defined in Debug\main.o section .text
_UART_SendChar                   00008a0f   defined in Debug\main.o section .text
_UART_SendString                 00008a1c   defined in Debug\main.o section .text
__endmem                         000001ff   defined in command file
                                            *** not used ***
__endzp                          0000000e   defined in command file section .ubsct
                                            used in C:\Program Files (x86)\COSMIC\FSE_Compilers\CXSTM8\lib\crtsi0.sm8
__idesc__                        000080a4   defined in linker section .init
                                            used in C:\Program Files (x86)\COSMIC\FSE_Compilers\CXSTM8\lib\crtsi0.sm8
__memory                         00000100   defined in command file section .bss
                                            used in C:\Program Files (x86)\COSMIC\FSE_Compilers\CXSTM8\lib\crtsi0.sm8
__stack                          000003ff   defined in command file
                                            used in C:\Program Files (x86)\COSMIC\FSE_Compilers\CXSTM8\lib\crtsi0.sm8
__startmem                       00000100   defined in command file section .bss
                                            *** not used ***
__stext                          000080b0   defined in C:\Program Files (x86)\COSMIC\FSE_Compilers\CXSTM8\lib\crtsi0.sm8 section .text
                                            used in Debug\stm8_interrupt_vector.o
__vectab                         00008000   defined in Debug\stm8_interrupt_vector.o section .const
_delay_ms                        000088b8   defined in Debug\main.o section .text
_exit                            000080fe   defined in C:\Program Files (x86)\COSMIC\FSE_Compilers\CXSTM8\lib\crtsi0.sm8 section .text
_hal_di_read                     000088e2   defined in Debug\main.o section .text
_hal_gpio_init                   00008a33   defined in Debug\main.o section .text
_hal_relay_set                   00008933   defined in Debug\main.o section .text
_main                            00008bb1   defined in Debug\main.o section .text
                                            used in C:\Program Files (x86)\COSMIC\FSE_Compilers\CXSTM8\lib\crtsi0.sm8
_main_loop                       00008b64   defined in Debug\main.o section .text
_process_command                 00008ae4   defined in Debug\main.o section .text
_relay_off                       000089c3   defined in Debug\main.o section .text
_sensor_reader_init              000089e8   defined in Debug\main.o section .text
_sensor_reader_update            000089a6   defined in Debug\main.o section .text
_system_init                     00008b53   defined in Debug\main.o section .text
c_divsl                          00008c04   defined in (C:\Program Files (x86)\COSMIC\FSE_Compilers\CXSTM8\lib\libm0.sm8)ldiv.o section .text
                                            *** not used ***
c_divul                          00008c1b   defined in (C:\Program Files (x86)\COSMIC\FSE_Compilers\CXSTM8\lib\libm0.sm8)ldiv.o section .text
                                            used in (C:\Program Files (x86)\COSMIC\FSE_Compilers\CXSTM8\lib\libm0.sm8)ludiv.o
c_lgneg                          00008cef   defined in (C:\Program Files (x86)\COSMIC\FSE_Compilers\CXSTM8\lib\libm0.sm8)lgneg.o section .text
                                            used in (C:\Program Files (x86)\COSMIC\FSE_Compilers\CXSTM8\lib\libm0.sm8)ldiv.o
c_llsh                           00008bb7   defined in (C:\Program Files (x86)\COSMIC\FSE_Compilers\CXSTM8\lib\libm0.sm8)llsh.o section .text
                                            used in Debug\stm8s_uart1.o
c_lneg                           00008d02   defined in (C:\Program Files (x86)\COSMIC\FSE_Compilers\CXSTM8\lib\libm0.sm8)lneg.o section .text
                                            used in (C:\Program Files (x86)\COSMIC\FSE_Compilers\CXSTM8\lib\libm0.sm8)ldiv.o
c_lreg                           00000004   defined in (C:\Program Files (x86)\COSMIC\FSE_Compilers\CXSTM8\lib\libm0.sm8)lreg.o section .ubsct
                                            used in Debug\stm8s_uart1.o
                                                    Debug\stm8s_clk.o
                                                    (C:\Program Files (x86)\COSMIC\FSE_Compilers\CXSTM8\lib\libm0.sm8)llsh.o
                                                    (C:\Program Files (x86)\COSMIC\FSE_Compilers\CXSTM8\lib\libm0.sm8)lsub.o
                                                    (C:\Program Files (x86)\COSMIC\FSE_Compilers\CXSTM8\lib\libm0.sm8)ltor.o
                                                    (C:\Program Files (x86)\COSMIC\FSE_Compilers\CXSTM8\lib\libm0.sm8)ldiv.o
                                                    (C:\Program Files (x86)\COSMIC\FSE_Compilers\CXSTM8\lib\libm0.sm8)lneg.o
                                                    (C:\Program Files (x86)\COSMIC\FSE_Compilers\CXSTM8\lib\libm0.sm8)rtol.o
                                                    (C:\Program Files (x86)\COSMIC\FSE_Compilers\CXSTM8\lib\libm0.sm8)smul.o
c_lsub                           00008bc6   defined in (C:\Program Files (x86)\COSMIC\FSE_Compilers\CXSTM8\lib\libm0.sm8)lsub.o section .text
                                            used in Debug\stm8s_uart1.o
c_ltor                           00008bde   defined in (C:\Program Files (x86)\COSMIC\FSE_Compilers\CXSTM8\lib\libm0.sm8)ltor.o section .text
                                            used in Debug\stm8s_uart1.o
                                                    Debug\stm8s_clk.o
c_ludv                           00008bf0   defined in (C:\Program Files (x86)\COSMIC\FSE_Compilers\CXSTM8\lib\libm0.sm8)ludiv.o section .text
                                            used in Debug\stm8s_uart1.o
                                                    Debug\stm8s_clk.o
c_rtol                           00008d17   defined in (C:\Program Files (x86)\COSMIC\FSE_Compilers\CXSTM8\lib\libm0.sm8)rtol.o section .text
                                            used in Debug\stm8s_uart1.o
                                                    Debug\stm8s_clk.o
c_smul                           00008d29   defined in (C:\Program Files (x86)\COSMIC\FSE_Compilers\CXSTM8\lib\libm0.sm8)smul.o section .text
                                            used in Debug\stm8s_uart1.o
c_x                              00000008   defined in (C:\Program Files (x86)\COSMIC\FSE_Compilers\CXSTM8\lib\libm0.sm8)xreg.o section .ubsct
                                            used in C:\Program Files (x86)\COSMIC\FSE_Compilers\CXSTM8\lib\crtsi0.sm8
                                                    (C:\Program Files (x86)\COSMIC\FSE_Compilers\CXSTM8\lib\libm0.sm8)ldiv.o
c_y                              0000000b   defined in (C:\Program Files (x86)\COSMIC\FSE_Compilers\CXSTM8\lib\libm0.sm8)yreg.o section .ubsct
                                            used in C:\Program Files (x86)\COSMIC\FSE_Compilers\CXSTM8\lib\crtsi0.sm8
f_NonHandledInterrupt            00008d68   defined in Debug\stm8_interrupt_vector.o section .text
